// Jest Snapshot v1, https://goo.gl/fbAQLP

exports[`Home Page Renders without crashing 1`] = `
<div
  className=""
  style={
    Object {
      "background": "transparent",
      "height": 4,
      "left": 0,
      "position": "fixed",
      "top": 0,
      "width": "100%",
      "zIndex": 99999999999,
    }
  }
>
  <div
    style={
      Object {
        "background": "linear-gradient(76deg, rgba(177,140,222,1) 0%, rgba(148,142,232,1) 7%, rgba(89,145,237,1) 15%, rgba(66,167,221,1) 24%, rgba(101,190,208,1) 33%, rgba(140,205,207,1) 42%, rgba(163,201,184,1) 51%, rgba(182,205,175,1) 56%, rgba(204,204,162,1) 61%, rgba(220,198,152,1) 65%, rgba(233,185,148,1) 70%, rgba(239,173,150,1) 74%, rgba(240,162,156,1) 81%, rgba(234,149,163,1) 87%, rgba(205,133,176,1) 93%, rgba(170,134,174,1) 98%)",
        "height": "100%",
        "transition": "all 500ms ease",
        "width": "0%",
      }
    }
  >
    <div
      style={
        Object {
          "boxShadow": "0 0 10px linear-gradient(76deg, rgba(177,140,222,1) 0%, rgba(148,142,232,1) 7%, rgba(89,145,237,1) 15%, rgba(66,167,221,1) 24%, rgba(101,190,208,1) 33%, rgba(140,205,207,1) 42%, rgba(163,201,184,1) 51%, rgba(182,205,175,1) 56%, rgba(204,204,162,1) 61%, rgba(220,198,152,1) 65%, rgba(233,185,148,1) 70%, rgba(239,173,150,1) 74%, rgba(240,162,156,1) 81%, rgba(234,149,163,1) 87%, rgba(205,133,176,1) 93%, rgba(170,134,174,1) 98%), 0 0 10px linear-gradient(76deg, rgba(177,140,222,1) 0%, rgba(148,142,232,1) 7%, rgba(89,145,237,1) 15%, rgba(66,167,221,1) 24%, rgba(101,190,208,1) 33%, rgba(140,205,207,1) 42%, rgba(163,201,184,1) 51%, rgba(182,205,175,1) 56%, rgba(204,204,162,1) 61%, rgba(220,198,152,1) 65%, rgba(233,185,148,1) 70%, rgba(239,173,150,1) 74%, rgba(240,162,156,1) 81%, rgba(234,149,163,1) 87%, rgba(205,133,176,1) 93%, rgba(170,134,174,1) 98%)",
          "height": "100%",
          "left": "-10rem",
          "opacity": 1,
          "position": "absolute",
          "transform": "rotate(3deg) translate(0px, -4px)",
          "transition": "all 500ms ease",
          "width": "5%",
        }
      }
    />
  </div>
</div>
`;
