// Jest Snapshot v1, https://goo.gl/fbAQLP

exports[`<Toast/> Renders without breaking 1`] = `
<div
  className="Toastify"
/>
`;
