// Jest Snapshot v1, https://goo.gl/fbAQLP

exports[`<Tooltip/> Renders with dark and a set size 1`] = `"Hello"`;

exports[`<Tooltip/> Renders with dark and a set size 2`] = `"Super"`;

exports[`<Tooltip/> Renders without crashing 1`] = `"Hello"`;
